####2025-09-04 오디오분석 수업내용

samsa@JeongSam MINGW64 ~
$ git --version
git version 2.51.0.windows.1

samsa@JeongSam MINGW64 ~
$ git config --global user.name "Saem Jung"

samsa@JeongSam MINGW64 ~
$ git config --global user.email "jeongsam06300@gmail.com"

samsa@JeongSam MINGW64 ~
$ ^C

samsa@JeongSam MINGW64 ~
$ git config --global user.email "jeongsam06300@gmail.com"

samsa@JeongSam MINGW64 ~
$ ^C

samsa@JeongSam MINGW64 ~
$ git config --global user.email "jeongsam06300@gmail.com"

samsa@JeongSam MINGW64 ~
$ git config --global user.email
jeongsam06300@gmail.com

samsa@JeongSam MINGW64 ~
$ git config --global user.name
Saem Jung

samsa@JeongSam MINGW64 ~
$ pwd
/c/Users/samsa

samsa@JeongSam MINGW64 ~
$ cd Documents/

samsa@JeongSam MINGW64 ~/Documents
$ ls
"'JERH8_"/  "'JeRH8_.jpg"  'My Music'@  'My Pictures'@  'My Videos'@

samsa@JeongSam MINGW64 ~/Documents
$ mkdir workplace

samsa@JeongSam MINGW64 ~/Documents
$ cd workplace

samsa@JeongSam MINGW64 ~/Documents/workplace
$ ls

samsa@JeongSam MINGW64 ~/Documents/workplace
$ echo "test"
test

samsa@JeongSam MINGW64 ~/Documents/workplace
$ echo "# first-repository" >> README.md

samsa@JeongSam MINGW64 ~/Documents/workplace
$ ls
README.md

samsa@JeongSam MINGW64 ~/Documents/workplace
$ git init
Initialized empty Git repository in C:/Users/samsa/Documents/workplace/.git/

samsa@JeongSam MINGW64 ~/Documents/workplace (master)
$ ls -a
./  ../  .git/  README.md

samsa@JeongSam MINGW64 ~/Documents/workplace (master)
$ pwd
/c/Users/samsa/Documents/workplace

samsa@JeongSam MINGW64 ~/Documents/workplace (master)
$ cd Documents
bash: cd: Documents: No such file or directory

samsa@JeongSam MINGW64 ~/Documents/workplace (master)
$ ls
README.md

samsa@JeongSam MINGW64 ~/Documents/workplace (master)
$ git status
On branch master

No commits yet

Untracked files:
  (use "git add <file>..." to include in what will be committed)
        README.md

nothing added to commit but untracked files present (use "git add" to track)

samsa@JeongSam MINGW64 ~/Documents/workplace (master)
$ git commit -m"test"
On branch master

Initial commit

Untracked files:
  (use "git add <file>..." to include in what will be committed)
        README.md

nothing added to commit but untracked files present (use "git add" to track)

samsa@JeongSam MINGW64 ~/Documents/workplace (master)
$ git status
On branch master

No commits yet

Untracked files:
  (use "git add <file>..." to include in what will be committed)
        README.md

nothing added to commit but untracked files present (use "git add" to track)

samsa@JeongSam MINGW64 ~/Documents/workplace (master)
$ git commit -m "test"
On branch master

Initial commit

Untracked files:
  (use "git add <file>..." to include in what will be committed)
        README.md

nothing added to commit but untracked files present (use "git add" to track)

samsa@JeongSam MINGW64 ~/Documents/workplace (master)
$ git status
On branch master

No commits yet

Untracked files:
  (use "git add <file>..." to include in what will be committed)
        README.md

nothing added to commit but untracked files present (use "git add" to track)

samsa@JeongSam MINGW64 ~/Documents/workplace (master)
$ git log
fatal: your current branch 'master' does not have any commits yet

samsa@JeongSam MINGW64 ~/Documents/workplace (master)
$ git remote add origin https://github.com/jeongsam-oss/Audiodataanlysis.git

samsa@JeongSam MINGW64 ~/Documents/workplace (master)
$ git remote -v
origin  https://github.com/jeongsam-oss/Audiodataanlysis.git (fetch)
origin  https://github.com/jeongsam-oss/Audiodataanlysis.git (push)

samsa@JeongSam MINGW64 ~/Documents/workplace (master)
$ git branch -M main

samsa@JeongSam MINGW64 ~/Documents/workplace (main)
$ git push -u origin main
error: src refspec main does not match any
error: failed to push some refs to 'https://github.com/jeongsam-oss/Audiodataanlysis.git'

samsa@JeongSam MINGW64 ~/Documents/workplace (main)
$ git push origin main
error: src refspec main does not match any
error: failed to push some refs to 'https://github.com/jeongsam-oss/Audiodataanlysis.git'

samsa@JeongSam MINGW64 ~/Documents/workplace (main)
$ git add .
warning: in the working copy of 'README.md', LF will be replaced by CRLF the next time Git touches it

samsa@JeongSam MINGW64 ~/Documents/workplace (main)
$ echo test > README.md

samsa@JeongSam MINGW64 ~/Documents/workplace (main)
$ git add README.md
warning: in the working copy of 'README.md', LF will be replaced by CRLF the next time Git touches it

samsa@JeongSam MINGW64 ~/Documents/workplace (main)
$ git commit -m "Add README with test content"
[main (root-commit) 54db3d2] Add README with test content
 1 file changed, 1 insertion(+)
 create mode 100644 README.md

samsa@JeongSam MINGW64 ~/Documents/workplace (main)
$ git push -u origin main
info: please complete authentication in your browser...
Enumerating objects: 3, done.
Counting objects: 100% (3/3), done.
Writing objects: 100% (3/3), 238 bytes | 59.00 KiB/s, done.
Total 3 (delta 0), reused 0 (delta 0), pack-reused 0 (from 0)
To https://github.com/jeongsam-oss/Audiodataanlysis.git
 * [new branch]      main -> main
branch 'main' set up to track 'origin/main'.

samsa@JeongSam MINGW64 ~/Documents/workplace (main)
$
